----------------------------------------
Exception occurred during processing of request from ('127.0.0.1', 51979)
Traceback (most recent call last):
  File "/opt/homebrew/Cellar/python@3.14/3.14.4_1/Frameworks/Python.framework/Versions/3.14/lib/python3.14/socketserver.py", line 318, in _handle_request_noblock
    self.process_request(request, client_address)
    ~~~~~~~~~~~~~~~~~~~~^^^^^^^^^^^^^^^^^^^^^^^^^
  File "/opt/homebrew/Cellar/python@3.14/3.14.4_1/Frameworks/Python.framework/Versions/3.14/lib/python3.14/socketserver.py", line 349, in process_request
    self.finish_request(request, client_address)
    ~~~~~~~~~~~~~~~~~~~^^^^^^^^^^^^^^^^^^^^^^^^^
  File "/opt/homebrew/Cellar/python@3.14/3.14.4_1/Frameworks/Python.framework/Versions/3.14/lib/python3.14/socketserver.py", line 362, in finish_request
    self.RequestHandlerClass(request, client_address, self)
    ~~~~~~~~~~~~~~~~~~~~~~~~^^^^^^^^^^^^^^^^^^^^^^^^^^^^^^^
  File "/opt/homebrew/Cellar/python@3.14/3.14.4_1/Frameworks/Python.framework/Versions/3.14/lib/python3.14/socketserver.py", line 766, in __init__
    self.handle()
    ~~~~~~~~~~~^^
  File "/opt/homebrew/Cellar/python@3.14/3.14.4_1/Frameworks/Python.framework/Versions/3.14/lib/python3.14/http/server.py", line 496, in handle
    self.handle_one_request()
    ~~~~~~~~~~~~~~~~~~~~~~~^^
  File "/opt/homebrew/Cellar/python@3.14/3.14.4_1/Frameworks/Python.framework/Versions/3.14/lib/python3.14/http/server.py", line 464, in handle_one_request
    self.raw_requestline = self.rfile.readline(65537)
                           ~~~~~~~~~~~~~~~~~~~^^^^^^^
  File "/opt/homebrew/Cellar/python@3.14/3.14.4_1/Frameworks/Python.framework/Versions/3.14/lib/python3.14/socket.py", line 725, in readinto
    return self._sock.recv_into(b)
           ~~~~~~~~~~~~~~~~~~~~^^^
ConnectionResetError: [Errno 54] Connection reset by peer
----------------------------------------
  File "/Users/lukeishammacbookair/Library/CloudStorage/Dropbox/_Lukeatron/System/Tools/lukeatronwiki-viewer/serve.py", line 593
    theme_nav = f'<h4>Themes</h4><ul>{tlinks or "<li class=\"empty\">no themes yet</li>"}</ul>'
                                                                                               ^
SyntaxError: f-string expression part cannot include a backslash
  File "/Users/lukeishammacbookair/Library/CloudStorage/Dropbox/_Lukeatron/System/Tools/lukeatronwiki-viewer/serve.py", line 593
    theme_nav = f'<h4>Themes</h4><ul>{tlinks or "<li class=\"empty\">no themes yet</li>"}</ul>'
                                                                                               ^
SyntaxError: f-string expression part cannot include a backslash
  File "/Users/lukeishammacbookair/Library/CloudStorage/Dropbox/_Lukeatron/System/Tools/lukeatronwiki-viewer/serve.py", line 593
    theme_nav = f'<h4>Themes</h4><ul>{tlinks or "<li class=\"empty\">no themes yet</li>"}</ul>'
                                                                                               ^
SyntaxError: f-string expression part cannot include a backslash
